[{"id":1,"firstName":"Jack","lastName":"Jackson","email":"jack.jackson@mail.com","password":"JacJack123","address":"XYZ Street, 123, Antwerp","orders":null},{"id":2,"firstName":"Lucy","lastName":"Skywalker","email":"lucy.skywalker@mail.com","password":"LucySkywalker789","address":"ABC Street, 12, Mechelen","orders":null},{"id":3,"firstName":"Adam","lastName":"West","email":"adam.west@mail.com","password":"AWest!1","address":"KLM Street, 64, Ghent","orders":null}]
